// Jest Snapshot v1, https://goo.gl/fbAQLP

exports[`Message tests renders properly 1`] = `
ShallowWrapper {
  Symbol(enzyme.__root__): [Circular],
  Symbol(enzyme.__unrendered__): <Message />,
  Symbol(enzyme.__renderer__): Object {
    "batchedUpdates": [Function],
    "checkPropTypes": [Function],
    "getNode": [Function],
    "render": [Function],
    "simulateError": [Function],
    "simulateEvent": [Function],
    "unmount": [Function],
  },
  Symbol(enzyme.__node__): Object {
    "instance": null,
    "key": undefined,
    "nodeType": "function",
    "props": Object {
      "children": <ForwardRef />,
    },
    "ref": null,
    "rendered": Object {
      "instance": null,
      "key": undefined,
      "nodeType": "function",
      "props": Object {
        "children": undefined,
      },
      "ref": null,
      "rendered": null,
      "type": Object {
        "$$typeof": Symbol(react.forward_ref),
        "attrs": Array [],
        "componentStyle": ComponentStyle {
          "componentId": "styles__StyledMessageContent-sc-1lzbw8h-1",
          "isStatic": true,
          "rules": Array [
            "text-align:center;",
          ],
        },
        "displayName": "styles__StyledMessageContent",
        "foldedComponentIds": Array [],
        "render": [Function],
        "styledComponentId": "styles__StyledMessageContent-sc-1lzbw8h-1",
        "target": "span",
        "toString": [Function],
        "warnTooManyClasses": [Function],
        "withComponent": [Function],
      },
    },
    "type": Object {
      "$$typeof": Symbol(react.forward_ref),
      "attrs": Array [],
      "componentStyle": ComponentStyle {
        "componentId": "styles__StyledMessageWrapper-sc-1lzbw8h-0",
        "isStatic": true,
        "rules": Array [
          "display:flex;justify-content:center;align-items:center;height:100%;padding:10px;border-radius:5px;font-size:1.3rem;",
        ],
      },
      "displayName": "styles__StyledMessageWrapper",
      "foldedComponentIds": Array [],
      "render": [Function],
      "styledComponentId": "styles__StyledMessageWrapper-sc-1lzbw8h-0",
      "target": "div",
      "toString": [Function],
      "warnTooManyClasses": [Function],
      "withComponent": [Function],
    },
  },
  Symbol(enzyme.__nodes__): Array [
    Object {
      "instance": null,
      "key": undefined,
      "nodeType": "function",
      "props": Object {
        "children": <ForwardRef />,
      },
      "ref": null,
      "rendered": Object {
        "instance": null,
        "key": undefined,
        "nodeType": "function",
        "props": Object {
          "children": undefined,
        },
        "ref": null,
        "rendered": null,
        "type": Object {
          "$$typeof": Symbol(react.forward_ref),
          "attrs": Array [],
          "componentStyle": ComponentStyle {
            "componentId": "styles__StyledMessageContent-sc-1lzbw8h-1",
            "isStatic": true,
            "rules": Array [
              "text-align:center;",
            ],
          },
          "displayName": "styles__StyledMessageContent",
          "foldedComponentIds": Array [],
          "render": [Function],
          "styledComponentId": "styles__StyledMessageContent-sc-1lzbw8h-1",
          "target": "span",
          "toString": [Function],
          "warnTooManyClasses": [Function],
          "withComponent": [Function],
        },
      },
      "type": Object {
        "$$typeof": Symbol(react.forward_ref),
        "attrs": Array [],
        "componentStyle": ComponentStyle {
          "componentId": "styles__StyledMessageWrapper-sc-1lzbw8h-0",
          "isStatic": true,
          "rules": Array [
            "display:flex;justify-content:center;align-items:center;height:100%;padding:10px;border-radius:5px;font-size:1.3rem;",
          ],
        },
        "displayName": "styles__StyledMessageWrapper",
        "foldedComponentIds": Array [],
        "render": [Function],
        "styledComponentId": "styles__StyledMessageWrapper-sc-1lzbw8h-0",
        "target": "div",
        "toString": [Function],
        "warnTooManyClasses": [Function],
        "withComponent": [Function],
      },
    },
  ],
  Symbol(enzyme.__options__): Object {
    "adapter": ReactSixteenAdapter {
      "options": Object {
        "enableComponentDidUpdateOnSetState": true,
        "legacyContextMode": "parent",
        "lifecycles": Object {
          "componentDidUpdate": Object {
            "onSetState": true,
          },
          "getChildContext": Object {
            "calledByRenderer": false,
          },
          "getDerivedStateFromError": true,
          "getDerivedStateFromProps": Object {
            "hasShouldComponentUpdateBug": false,
          },
          "getSnapshotBeforeUpdate": true,
          "setState": Object {
            "skipsComponentDidUpdateOnNullish": true,
          },
        },
      },
    },
  },
}
`;
